============================================================
TOTTUS SCRAPER  -  Inicio
============================================================

[1/3] Categorias...
  1125 categorias

[2/3] Extrayendo productos de 50 categorias...

  [1/50] CATG10116 Italia
    CATG10116 Italia                    | pag 1 | +  5 (  5 pods) | total: 5/5

  [2/50] CATG10117 España
    CATG10117 España                    | pag 1 | + 11 ( 11 pods) | total: 11/11

  [3/50] CATG10118 Jamón Pizzero e Inglés
    CATG10118 Jamón Pizzero e Inglés    | pag 1 | + 18 ( 18 pods) | total: 18/18

  [4/50] CATG10120 Jamón de Pavo y Pavita
    CATG10120 Jamón de Pavo y Pavita    | pag 1 | + 20 ( 20 pods) | total: 20/20

  [5/50] CATG10121 Jamonadas
    CATG10121 Jamonadas                 | pag 1 | + 32 ( 32 pods) | total: 32/32

  [6/50] CATG10124 Leche sin Lactosa
    CATG10124 Leche sin Lactosa         | pag 1 | + 17 ( 17 pods) | total: 17/17

  [7/50] CATG10127 Panetón
    CATG10127 Panetón                   | pag 1 | +  0 (  0 pods) | total: 0/?

  [8/50] CATG10129 Abarrotes
    CATG10129 Abarrotes                 | pag 1 | +  0 (  0 pods) | total: 0/?

  [9/50] CATG10137 Enteros
    CATG10137 Enteros                   | pag 1 | +  2 (  2 pods) | total: 2/2

  [10/50] CATG10138 Pescados
    CATG10138 Pescados                  | pag 1 | + 24 ( 24 pods) | total: 24/24

  [11/50] CATG10139 Ahumados
    CATG10139 Ahumados                  | pag 1 | +  3 (  3 pods) | total: 3/3

  [12/50] CATG10140 Otros
    CATG10140 Otros                     | pag 1 | + 10 ( 10 pods) | total: 10/10

  [13/50] CATG10142 Empanizados
    CATG10142 Empanizados               | pag 1 | +  6 (  6 pods) | total: 6/6

  [14/50] CATG10146 Filetes y Enteros
    CATG10146 Filetes y Enteros         | pag 1 | +  3 (  3 pods) | total: 3/3

  [15/50] CATG10152 Langostinos
    CATG10152 Langostinos               | pag 1 | + 15 ( 15 pods) | total: 15/15

  [16/50] CATG10153 Conchas
    CATG10153 Conchas                   | pag 1 | +  0 (  0 pods) | total: 0/?

  [17/50] CATG10154 Calamares
    CATG10154 Calamares                 | pag 1 | +  0 (  0 pods) | total: 0/?

  [18/50] CATG10155 Mixturas
    CATG10155 Mixturas                  | pag 1 | +  4 (  4 pods) | total: 4/4

  [19/50] CATG10157 Carnes Regionales
    CATG10157 Carnes Regionales         | pag 1 | +  3 (  3 pods) | total: 3/3

  [20/50] CATG10160 Orgánicos y Verduras BabyOrgánicos y Ver
    CATG10160 Orgánicos y Verduras Baby | pag 1 | + 14 ( 14 pods) | total: 14/14

  [21/50] CATG16050 Frutas y Verduras
    CATG16050 Frutas y Verduras         | pag 1 | + 48 ( 48 pods) | total: 48/268
    CATG16050 Frutas y Verduras         | pag 2 | + 48 ( 48 pods) | total: 96/268
    CATG16050 Frutas y Verduras         | pag 3 | + 35 ( 48 pods) | total: 131/268

  [22/50] CATG16053 Juguetería
    CATG16053 Juguetería                | pag 1 | +  0 (  0 pods) | total: 0/?

  [23/50] CATG16054 Escolar
    CATG16054 Escolar                   | pag 1 | +  0 (  0 pods) | total: 0/?

  [24/50] CATG16055 Mundo Mascotas
    CATG16055 Mundo Mascotas            | pag 1 | + 48 ( 48 pods) | total: 48/516
    CATG16055 Mundo Mascotas            | pag 2 | + 44 ( 48 pods) | total: 92/516
    CATG16055 Mundo Mascotas            | pag 3 | + 35 ( 48 pods) | total: 127/516

  [25/50] CATG16056 Repostería
    CATG16056 Repostería                | pag 1 | + 48 ( 48 pods) | total: 48/169
    CATG16056 Repostería                | pag 2 | + 43 ( 48 pods) | total: 91/169
    CATG16056 Repostería                | pag 3 | + 30 ( 48 pods) | total: 121/169

  [26/50] CATG16057 Belleza
    CATG16057 Belleza                   | pag 1 | + 48 ( 48 pods) | total: 48/339
    CATG16057 Belleza                   | pag 2 | + 27 ( 48 pods) | total: 75/339
    CATG16057 Belleza                   | pag 3 | + 38 ( 48 pods) | total: 113/339

  [27/50] CATG16058 Snacks y Frutos Secos
    CATG16058 Snacks y Frutos Secos     | pag 1 | + 48 ( 48 pods) | total: 48/597
    CATG16058 Snacks y Frutos Secos     | pag 2 | + 48 ( 48 pods) | total: 96/597
    CATG16058 Snacks y Frutos Secos     | pag 3 | + 30 ( 48 pods) | total: 126/597

  [28/50] CATG16059 Dulces y Galletas
    CATG16059 Dulces y Galletas         | pag 1 | + 48 ( 48 pods) | total: 48/618
    CATG16059 Dulces y Galletas         | pag 2 | + 48 ( 48 pods) | total: 96/618
    CATG16059 Dulces y Galletas         | pag 3 | + 28 ( 48 pods) | total: 124/618

  [29/50] CATG16060 Huevos y Fiambres
    CATG16060 Huevos y Fiambres         | pag 1 | + 48 ( 48 pods) | total: 48/262
    CATG16060 Huevos y Fiambres         | pag 2 | + 48 ( 48 pods) | total: 96/262
    CATG16060 Huevos y Fiambres         | pag 3 | + 48 ( 48 pods) | total: 144/262

  [30/50] CATG16061 Lácteos y Quesos
    CATG16061 Lácteos y Quesos          | pag 1 | + 48 ( 48 pods) | total: 48/618
    CATG16061 Lácteos y Quesos          | pag 2 | + 21 ( 48 pods) | total: 69/618
    CATG16061 Lácteos y Quesos          | pag 3 | + 39 ( 48 pods) | total: 108/618

  [31/50] CATG16062 Congelados
    CATG16062 Congelados                | pag 1 | + 48 ( 48 pods) | total: 48/294
    CATG16062 Congelados                | pag 2 | + 40 ( 48 pods) | total: 88/294
    CATG16062 Congelados                | pag 3 | + 38 ( 48 pods) | total: 126/294

  [32/50] CATG16063 Pastelería
    CATG16063 Pastelería                | pag 1 | + 48 ( 48 pods) | total: 48/214
    CATG16063 Pastelería                | pag 2 | + 48 ( 48 pods) | total: 96/214
    CATG16063 Pastelería                | pag 3 | + 40 ( 48 pods) | total: 136/214

  [33/50] CATG16064 Platos Preparados
    CATG16064 Platos Preparados         | pag 1 | + 48 ( 48 pods) | total: 48/116
    CATG16064 Platos Preparados         | pag 2 | + 48 ( 48 pods) | total: 96/116
    CATG16064 Platos Preparados         | pag 3 | + 18 ( 20 pods) | total: 114/116

  [34/50] CATG16065 Desayunos
    CATG16065 Desayunos                 | pag 1 | + 48 ( 48 pods) | total: 48/1448
    CATG16065 Desayunos                 | pag 2 | + 48 ( 48 pods) | total: 96/1448
    CATG16065 Desayunos                 | pag 3 | + 36 ( 48 pods) | total: 132/1448

  [35/50] CATG16066 
    CATG16066                           | pag 1 | + 48 ( 48 pods) | total: 48/1108
    CATG16066                           | pag 2 | + 42 ( 48 pods) | total: 90/1108
    CATG16066                           | pag 3 | + 39 ( 48 pods) | total: 129/1108

  [36/50] CATG16067 Marca Tottus
    CATG16067 Marca Tottus              | pag 1 | + 48 ( 48 pods) | total: 48/1167
    CATG16067 Marca Tottus              | pag 2 | + 47 ( 48 pods) | total: 95/1167
    CATG16067 Marca Tottus              | pag 3 | + 42 ( 48 pods) | total: 137/1167

  [37/50] CATG16068 Gaseosas, Agua y Jugos
    CATG16068 Gaseosas, Agua y Jugos    | pag 1 | + 48 ( 48 pods) | total: 48/513
    CATG16068 Gaseosas, Agua y Jugos    | pag 2 | + 40 ( 48 pods) | total: 88/513
    CATG16068 Gaseosas, Agua y Jugos    | pag 3 | + 29 ( 48 pods) | total: 117/513

  [38/50] CATG16069 Bulldog
    CATG16069 Bulldog                   | pag 1 | + 48 ( 48 pods) | total: 48/1177
    CATG16069 Bulldog                   | pag 2 | + 48 ( 48 pods) | total: 96/1177
    CATG16069 Bulldog                   | pag 3 | + 48 ( 48 pods) | total: 144/1177

  [39/50] CATG16070 Estrella Damm
    CATG16070 Estrella Damm             | pag 1 | + 48 ( 48 pods) | total: 48/88
    CATG16070 Estrella Damm             | pag 2 | + 40 ( 40 pods) | total: 88/88

  [40/50] CATG16071 Panadería
    CATG16071 Panadería                 | pag 1 | + 48 ( 48 pods) | total: 48/80
    CATG16071 Panadería                 | pag 2 | + 32 ( 32 pods) | total: 80/80

  [41/50] CATG16072 Cuidado Personal
    CATG16072 Cuidado Personal          | pag 1 | + 48 ( 48 pods) | total: 48/1675
    CATG16072 Cuidado Personal          | pag 2 | + 48 ( 48 pods) | total: 96/1675
    CATG16072 Cuidado Personal          | pag 3 | + 48 ( 48 pods) | total: 144/1675

  [42/50] CATG16074 Pescados y Mariscos
    CATG16074 Pescados y Mariscos       | pag 1 | + 48 ( 48 pods) | total: 48/60
    CATG16074 Pescados y Mariscos       | pag 2 | + 12 ( 12 pods) | total: 60/60

  [43/50] CATG16076 Carnes
    CATG16076 Carnes                    | pag 1 | + 48 ( 48 pods) | total: 48/277
    CATG16076 Carnes                    | pag 2 | + 46 ( 48 pods) | total: 94/277
    CATG16076 Carnes                    | pag 3 | + 32 ( 48 pods) | total: 126/277

  [44/50] CATG16077 Electro Hogar
    CATG16077 Electro Hogar             | pag 1 | +  0 (  0 pods) | total: 0/?

  [45/50] CATG16081 Mundo Parrillero
    CATG16081 Mundo Parrillero          | pag 1 | + 48 ( 48 pods) | total: 48/168
    CATG16081 Mundo Parrillero          | pag 2 | + 48 ( 48 pods) | total: 96/168
    CATG16081 Mundo Parrillero          | pag 3 | + 48 ( 48 pods) | total: 144/168

  [46/50] CATG16682 Papeles Higiénicos
    CATG16682 Papeles Higiénicos        | pag 1 | + 35 ( 35 pods) | total: 35/35

  [47/50] CATG16740 Perros
    CATG16740 Perros                    | pag 1 | + 48 ( 48 pods) | total: 48/253
    CATG16740 Perros                    | pag 2 | + 23 ( 48 pods) | total: 71/253
    CATG16740 Perros                    | pag 3 | + 44 ( 48 pods) | total: 115/253

  [48/50] CATG16741 Gatos
    CATG16741 Gatos                     | pag 1 | + 48 ( 48 pods) | total: 48/162
    CATG16741 Gatos                     | pag 2 | + 35 ( 48 pods) | total: 83/162
    CATG16741 Gatos                     | pag 3 | + 40 ( 48 pods) | total: 123/162

  [49/50] CATG16742 Oferta Mascotera
    CATG16742 Oferta Mascotera          | pag 1 | +  6 (  6 pods) | total: 6/6

  [50/50] CATG16743 Accesorios de ReposteríaAccesorios de Re
    CATG16743 Accesorios de ReposteríaA | pag 1 | +  0 (  0 pods) | total: 0/?

[3/3] ========================================
PROCESANDO RESULTADOS
========================================
Productos unicos: 2634  (removidos 503 dupl.)

Resumen:
  Total productos    : 2634
  Con precio         : 2634
  Disponibles        : 2634
  Con descuento      : 874
  Precio prom.       : S/ 22.82

Top 10 categorias:
categoria_nombre
Cuidado Personal         141
Bulldog                  134
Pastelería               130
Abarrotes                127
Mundo Mascotas           127
Desayunos                125
Snacks y Frutos Secos    124
Dulces y Galletas        124
Frutas y Verduras        124
Congelados               123

Top 10 marcas:
marca
TOTTUS             439
TOTTUS VERDURAS     63
TOTTUS FRUTAS       41
GLORIA              39
SAN FERNANDO        36
BRAEDT              35
OTTO KUNZ           32
CASA EUROPA         30
REDONDOS            30
OLEGO               30

Archivos exportados:
  -> tottus_productos_20260504_0952.csv
  -> tottus_productos_20260504_0952.xlsx
  -> tottus_productos_20260504_0952.json
